Release 14.7 - xst P.20131013 (lin64)
Copyright (c) 1995-2013 Xilinx, Inc.  All rights reserved.
--> 
Parameter TMPDIR set to xst/projnav.tmp


Total REAL time to Xst completion: 0.00 secs
Total CPU time to Xst completion: 0.04 secs
 
--> 
Parameter xsthdpdir set to xst


Total REAL time to Xst completion: 0.00 secs
Total CPU time to Xst completion: 0.04 secs
 
--> 
Reading design: wrapper_cla_16bit_ripple.prj

TABLE OF CONTENTS
  1) Synthesis Options Summary
  2) HDL Parsing
  3) HDL Elaboration
  4) HDL Synthesis
       4.1) HDL Synthesis Report
  5) Advanced HDL Synthesis
       5.1) Advanced HDL Synthesis Report
  6) Low Level Synthesis
  7) Partition Report
  8) Design Summary
       8.1) Primitive and Black Box Usage
       8.2) Device utilization summary
       8.3) Partition Resource Summary
       8.4) Timing Report
            8.4.1) Clock Information
            8.4.2) Asynchronous Control Signals Information
            8.4.3) Timing Summary
            8.4.4) Timing Details
            8.4.5) Cross Clock Domains Report


=========================================================================
*                      Synthesis Options Summary                        *
=========================================================================
---- Source Parameters
Input File Name                    : "wrapper_cla_16bit_ripple.prj"
Ignore Synthesis Constraint File   : NO

---- Target Parameters
Output File Name                   : "wrapper_cla_16bit_ripple"
Output Format                      : NGC
Target Device                      : xc7a100t-1-csg324

---- Source Options
Top Module Name                    : wrapper_cla_16bit_ripple
Automatic FSM Extraction           : YES
FSM Encoding Algorithm             : Auto
Safe Implementation                : No
FSM Style                          : LUT
RAM Extraction                     : Yes
RAM Style                          : Auto
ROM Extraction                     : Yes
Shift Register Extraction          : YES
ROM Style                          : Auto
Resource Sharing                   : YES
Asynchronous To Synchronous        : NO
Shift Register Minimum Size        : 2
Use DSP Block                      : Auto
Automatic Register Balancing       : No

---- Target Options
LUT Combining                      : Auto
Reduce Control Sets                : Auto
Add IO Buffers                     : YES
Global Maximum Fanout              : 100000
Add Generic Clock Buffer(BUFG)     : 32
Register Duplication               : YES
Optimize Instantiated Primitives   : NO
Use Clock Enable                   : Auto
Use Synchronous Set                : Auto
Use Synchronous Reset              : Auto
Pack IO Registers into IOBs        : Auto
Equivalent register Removal        : YES

---- General Options
Optimization Goal                  : Speed
Optimization Effort                : 1
Power Reduction                    : NO
Keep Hierarchy                     : Yes
Netlist Hierarchy                  : As_Optimized
RTL Output                         : Yes
Global Optimization                : AllClockNets
Read Cores                         : YES
Write Timing Constraints           : NO
Cross Clock Analysis               : NO
Hierarchy Separator                : /
Bus Delimiter                      : <>
Case Specifier                     : Maintain
Slice Utilization Ratio            : 100
BRAM Utilization Ratio             : 100
DSP48 Utilization Ratio            : 100
Auto BRAM Packing                  : NO
Slice Utilization Ratio Delta      : 5

=========================================================================


=========================================================================
*                          HDL Parsing                                  *
=========================================================================
Analyzing Verilog file "/home/shreyas/Xilinx/14.7/ISE_DS/xilinx_progs/CLA/CLA/cla_adder_4bit.v" into library work
Parsing module <cla_adder_4bit>.
Analyzing Verilog file "/home/shreyas/Xilinx/14.7/ISE_DS/xilinx_progs/CLA/CLA/cla_16bit_ripple.v" into library work
Parsing module <cla_16bit_ripple>.
Analyzing Verilog file "/home/shreyas/Xilinx/14.7/ISE_DS/xilinx_progs/CLA/CLA/wrapper_cla_16bit_ripple.v" into library work
Parsing module <wrapper_cla_16bit_ripple>.

=========================================================================
*                            HDL Elaboration                            *
=========================================================================

Elaborating module <wrapper_cla_16bit_ripple>.

Elaborating module <cla_16bit_ripple>.

Elaborating module <cla_adder_4bit>.

=========================================================================
*                           HDL Synthesis                               *
=========================================================================

Synthesizing Unit <wrapper_cla_16bit_ripple>.
    Related source file is "/home/shreyas/Xilinx/14.7/ISE_DS/xilinx_progs/CLA/CLA/wrapper_cla_16bit_ripple.v".
    Found 16-bit register for signal <in2_reg>.
    Found 1-bit register for signal <cin_reg>.
    Found 16-bit register for signal <sum>.
    Found 1-bit register for signal <cout>.
    Found 16-bit register for signal <in1_reg>.
    Summary:
	inferred  50 D-type flip-flop(s).
Unit <wrapper_cla_16bit_ripple> synthesized.

Synthesizing Unit <cla_16bit_ripple>.
    Related source file is "/home/shreyas/Xilinx/14.7/ISE_DS/xilinx_progs/CLA/CLA/cla_16bit_ripple.v".
    Summary:
	no macro.
Unit <cla_16bit_ripple> synthesized.

Synthesizing Unit <cla_adder_4bit>.
    Related source file is "/home/shreyas/Xilinx/14.7/ISE_DS/xilinx_progs/CLA/CLA/cla_adder_4bit.v".
    Summary:
Unit <cla_adder_4bit> synthesized.

=========================================================================
HDL Synthesis Report

Macro Statistics
# Registers                                            : 5
 1-bit register                                        : 2
 16-bit register                                       : 3
# Xors                                                 : 8
 4-bit xor2                                            : 8

=========================================================================

=========================================================================
*                       Advanced HDL Synthesis                          *
=========================================================================


=========================================================================
Advanced HDL Synthesis Report

Macro Statistics
# Registers                                            : 50
 Flip-Flops                                            : 50
# Xors                                                 : 8
 4-bit xor2                                            : 8

=========================================================================

=========================================================================
*                         Low Level Synthesis                           *
=========================================================================

Optimizing unit <wrapper_cla_16bit_ripple> ...

Optimizing unit <cla_16bit_ripple> ...

Optimizing unit <cla_adder_4bit> ...

Mapping all equations...
Building and optimizing final netlist ...
Found area constraint ratio of 100 (+ 5) on block wrapper_cla_16bit_ripple, actual ratio is 0.

Final Macro Processing ...

=========================================================================
Final Register Report

Macro Statistics
# Registers                                            : 50
 Flip-Flops                                            : 50

=========================================================================

=========================================================================
*                           Partition Report                            *
=========================================================================

Partition Implementation Status
-------------------------------

  No Partitions were found in this design.

-------------------------------

=========================================================================
*                            Design Summary                             *
=========================================================================

Top Level Output File Name         : wrapper_cla_16bit_ripple.ngc

Primitive and Black Box Usage:
------------------------------
# BELS                             : 43
#      LUT2                        : 4
#      LUT3                        : 6
#      LUT4                        : 12
#      LUT5                        : 13
#      LUT6                        : 6
#      MUXF7                       : 2
# FlipFlops/Latches                : 50
#      FDR                         : 50
# Clock Buffers                    : 1
#      BUFGP                       : 1
# IO Buffers                       : 51
#      IBUF                        : 34
#      OBUF                        : 17

Device utilization summary:
---------------------------

Selected Device : 7a100tcsg324-1 


Slice Logic Utilization: 
 Number of Slice Registers:              50  out of  126800     0%  
 Number of Slice LUTs:                   41  out of  63400     0%  
    Number used as Logic:                41  out of  63400     0%  

Slice Logic Distribution: 
 Number of LUT Flip Flop pairs used:     91
   Number with an unused Flip Flop:      41  out of     91    45%  
   Number with an unused LUT:            50  out of     91    54%  
   Number of fully used LUT-FF pairs:     0  out of     91     0%  
   Number of unique control sets:         1

IO Utilization: 
 Number of IOs:                          52
 Number of bonded IOBs:                  52  out of    210    24%  

Specific Feature Utilization:
 Number of BUFG/BUFGCTRLs:                1  out of     32     3%  

---------------------------
Partition Resource Summary:
---------------------------

  No Partitions were found in this design.

---------------------------


=========================================================================
Timing Report

NOTE: THESE TIMING NUMBERS ARE ONLY A SYNTHESIS ESTIMATE.
      FOR ACCURATE TIMING INFORMATION PLEASE REFER TO THE TRACE REPORT
      GENERATED AFTER PLACE-and-ROUTE.

Clock Information:
------------------
-----------------------------------+------------------------+-------+
Clock Signal                       | Clock buffer(FF name)  | Load  |
-----------------------------------+------------------------+-------+
clk                                | BUFGP                  | 50    |
-----------------------------------+------------------------+-------+

Asynchronous Control Signals Information:
----------------------------------------
No asynchronous control signals found in this design

Timing Summary:
---------------
Speed Grade: -1

   Minimum period: 3.832ns (Maximum Frequency: 260.960MHz)
   Minimum input arrival time before clock: 1.050ns
   Maximum output required time after clock: 0.877ns
   Maximum combinational path delay: No path found

Timing Details:
---------------
All values displayed in nanoseconds (ns)

=========================================================================
Timing constraint: Default period analysis for Clock 'clk'
  Clock period: 3.832ns (frequency: 260.960MHz)
  Total number of paths / destination ports: 463 / 17
-------------------------------------------------------------------------
Delay:               3.832ns (Levels of Logic = 10)
  Source:            in1_reg_1 (FF)
  Destination:       sum_12 (FF)
  Source Clock:      clk rising
  Destination Clock: clk rising

  Data Path: in1_reg_1 to sum_12
                                Gate     Net
    Cell:in->out      fanout   Delay   Delay  Logical Name (Net Name)
    ----------------------------------------  ------------
     FDR:C->Q              4   0.478   0.939  in1_reg_1 (in1_reg_1)
     begin scope: 'cla_16_bit_ripple:in1<1>'
     begin scope: 'cla_16_bit_ripple/cla_4bit_1:in1<1>'
     LUT5:I0->O            1   0.124   0.421  cout1_SW0 (N3)
     LUT5:I4->O            5   0.124   0.448  cout1 (cout)
     end scope: 'cla_16_bit_ripple/cla_4bit_1:cout'
     begin scope: 'cla_16_bit_ripple/cla_4bit_2:cin'
     LUT5:I4->O            5   0.124   0.448  cout1 (cout)
     end scope: 'cla_16_bit_ripple/cla_4bit_2:cout'
     begin scope: 'cla_16_bit_ripple/cla_4bit_3:cin'
     LUT5:I4->O            5   0.124   0.448  cout1 (cout)
     end scope: 'cla_16_bit_ripple/cla_4bit_3:cout'
     begin scope: 'cla_16_bit_ripple/cla_4bit_4:cin'
     LUT5:I4->O            1   0.124   0.000  Mxor_sum_1_xo<0>1 (sum<1>)
     end scope: 'cla_16_bit_ripple/cla_4bit_4:sum<1>'
     end scope: 'cla_16_bit_ripple:sum<13>'
     FDR:D                     0.030          sum_13
    ----------------------------------------
    Total                      3.832ns (1.128ns logic, 2.704ns route)
                                       (29.4% logic, 70.6% route)

=========================================================================
Timing constraint: Default OFFSET IN BEFORE for Clock 'clk'
  Total number of paths / destination ports: 83 / 83
-------------------------------------------------------------------------
Offset:              1.050ns (Levels of Logic = 1)
  Source:            rst (PAD)
  Destination:       cin_reg (FF)
  Destination Clock: clk rising

  Data Path: rst to cin_reg
                                Gate     Net
    Cell:in->out      fanout   Delay   Delay  Logical Name (Net Name)
    ----------------------------------------  ------------
     IBUF:I->O            50   0.001   0.555  rst_IBUF (rst_IBUF)
     FDR:R                     0.494          cin_reg
    ----------------------------------------
    Total                      1.050ns (0.495ns logic, 0.555ns route)
                                       (47.1% logic, 52.9% route)

=========================================================================
Timing constraint: Default OFFSET OUT AFTER for Clock 'clk'
  Total number of paths / destination ports: 17 / 17
-------------------------------------------------------------------------
Offset:              0.877ns (Levels of Logic = 1)
  Source:            sum_15 (FF)
  Destination:       sum<15> (PAD)
  Source Clock:      clk rising

  Data Path: sum_15 to sum<15>
                                Gate     Net
    Cell:in->out      fanout   Delay   Delay  Logical Name (Net Name)
    ----------------------------------------  ------------
     FDR:C->Q              1   0.478   0.399  sum_15 (sum_15)
     OBUF:I->O                 0.000          sum_15_OBUF (sum<15>)
    ----------------------------------------
    Total                      0.877ns (0.478ns logic, 0.399ns route)
                                       (54.5% logic, 45.5% route)

=========================================================================

Cross Clock Domains Report:
--------------------------

Clock to Setup on destination clock clk
---------------+---------+---------+---------+---------+
               | Src:Rise| Src:Fall| Src:Rise| Src:Fall|
Source Clock   |Dest:Rise|Dest:Rise|Dest:Fall|Dest:Fall|
---------------+---------+---------+---------+---------+
clk            |    3.832|         |         |         |
---------------+---------+---------+---------+---------+

=========================================================================


Total REAL time to Xst completion: 6.00 secs
Total CPU time to Xst completion: 5.71 secs
 
--> 


Total memory usage is 488100 kilobytes

Number of errors   :    0 (   0 filtered)
Number of warnings :    0 (   0 filtered)
Number of infos    :    0 (   0 filtered)

