Release 14.7 - xst P.20131013 (lin64)
Copyright (c) 1995-2013 Xilinx, Inc.  All rights reserved.
--> 
Parameter TMPDIR set to xst/projnav.tmp


Total REAL time to Xst completion: 0.00 secs
Total CPU time to Xst completion: 0.03 secs
 
--> 
Parameter xsthdpdir set to xst


Total REAL time to Xst completion: 0.00 secs
Total CPU time to Xst completion: 0.03 secs
 
--> 
Reading design: rca_64bit.prj

TABLE OF CONTENTS
  1) Synthesis Options Summary
  2) HDL Parsing
  3) HDL Elaboration
  4) HDL Synthesis
       4.1) HDL Synthesis Report
  5) Advanced HDL Synthesis
       5.1) Advanced HDL Synthesis Report
  6) Low Level Synthesis
  7) Partition Report
  8) Design Summary
       8.1) Primitive and Black Box Usage
       8.2) Device utilization summary
       8.3) Partition Resource Summary
       8.4) Timing Report
            8.4.1) Clock Information
            8.4.2) Asynchronous Control Signals Information
            8.4.3) Timing Summary
            8.4.4) Timing Details
            8.4.5) Cross Clock Domains Report


=========================================================================
*                      Synthesis Options Summary                        *
=========================================================================
---- Source Parameters
Input File Name                    : "rca_64bit.prj"
Ignore Synthesis Constraint File   : NO

---- Target Parameters
Output File Name                   : "rca_64bit"
Output Format                      : NGC
Target Device                      : xc7a100t-1-csg324

---- Source Options
Top Module Name                    : rca_64bit
Automatic FSM Extraction           : YES
FSM Encoding Algorithm             : Auto
Safe Implementation                : No
FSM Style                          : LUT
RAM Extraction                     : Yes
RAM Style                          : Auto
ROM Extraction                     : Yes
Shift Register Extraction          : YES
ROM Style                          : Auto
Resource Sharing                   : YES
Asynchronous To Synchronous        : NO
Shift Register Minimum Size        : 2
Use DSP Block                      : Auto
Automatic Register Balancing       : No

---- Target Options
LUT Combining                      : Auto
Reduce Control Sets                : Auto
Add IO Buffers                     : YES
Global Maximum Fanout              : 100000
Add Generic Clock Buffer(BUFG)     : 32
Register Duplication               : YES
Optimize Instantiated Primitives   : NO
Use Clock Enable                   : Auto
Use Synchronous Set                : Auto
Use Synchronous Reset              : Auto
Pack IO Registers into IOBs        : Auto
Equivalent register Removal        : YES

---- General Options
Optimization Goal                  : Speed
Optimization Effort                : 1
Power Reduction                    : NO
Keep Hierarchy                     : Yes
Netlist Hierarchy                  : As_Optimized
RTL Output                         : Yes
Global Optimization                : AllClockNets
Read Cores                         : YES
Write Timing Constraints           : NO
Cross Clock Analysis               : NO
Hierarchy Separator                : /
Bus Delimiter                      : <>
Case Specifier                     : Maintain
Slice Utilization Ratio            : 100
BRAM Utilization Ratio             : 100
DSP48 Utilization Ratio            : 100
Auto BRAM Packing                  : NO
Slice Utilization Ratio Delta      : 5

=========================================================================


=========================================================================
*                          HDL Parsing                                  *
=========================================================================
Analyzing Verilog file "/home/shreyas/Xilinx/14.7/ISE_DS/xilinx_progs/RCA/full_adder.v" into library work
Parsing module <full_adder>.
Analyzing Verilog file "/home/shreyas/Xilinx/14.7/ISE_DS/xilinx_progs/RCA/rca_8bit.v" into library work
Parsing module <rca_8bit>.
Analyzing Verilog file "/home/shreyas/Xilinx/14.7/ISE_DS/xilinx_progs/RCA/rca_16bit.v" into library work
Parsing module <rca_16bit>.
Analyzing Verilog file "/home/shreyas/Xilinx/14.7/ISE_DS/xilinx_progs/RCA/rca_32bit.v" into library work
Parsing module <rca_32bit>.
Analyzing Verilog file "/home/shreyas/Xilinx/14.7/ISE_DS/xilinx_progs/RCA/rca_64bit.v" into library work
Parsing module <rca_64bit>.

=========================================================================
*                            HDL Elaboration                            *
=========================================================================

Elaborating module <rca_64bit>.

Elaborating module <rca_32bit>.

Elaborating module <rca_16bit>.

Elaborating module <rca_8bit>.

Elaborating module <full_adder>.

=========================================================================
*                           HDL Synthesis                               *
=========================================================================

Synthesizing Unit <rca_64bit>.
    Related source file is "/home/shreyas/Xilinx/14.7/ISE_DS/xilinx_progs/RCA/rca_64bit.v".
    Summary:
	no macro.
Unit <rca_64bit> synthesized.

Synthesizing Unit <rca_32bit>.
    Related source file is "/home/shreyas/Xilinx/14.7/ISE_DS/xilinx_progs/RCA/rca_32bit.v".
    Summary:
	no macro.
Unit <rca_32bit> synthesized.

Synthesizing Unit <rca_16bit>.
    Related source file is "/home/shreyas/Xilinx/14.7/ISE_DS/xilinx_progs/RCA/rca_16bit.v".
    Summary:
	no macro.
Unit <rca_16bit> synthesized.

Synthesizing Unit <rca_8bit>.
    Related source file is "/home/shreyas/Xilinx/14.7/ISE_DS/xilinx_progs/RCA/rca_8bit.v".
    Summary:
	no macro.
Unit <rca_8bit> synthesized.

Synthesizing Unit <full_adder>.
    Related source file is "/home/shreyas/Xilinx/14.7/ISE_DS/xilinx_progs/RCA/full_adder.v".
    Summary:
Unit <full_adder> synthesized.

=========================================================================
HDL Synthesis Report

Macro Statistics
# Xors                                                 : 128
 1-bit xor2                                            : 64
 1-bit xor3                                            : 64

=========================================================================

=========================================================================
*                       Advanced HDL Synthesis                          *
=========================================================================


=========================================================================
Advanced HDL Synthesis Report

Macro Statistics
# Xors                                                 : 128
 1-bit xor2                                            : 64
 1-bit xor3                                            : 64

=========================================================================

=========================================================================
*                         Low Level Synthesis                           *
=========================================================================

Optimizing unit <rca_64bit> ...

Optimizing unit <rca_32bit> ...

Optimizing unit <rca_16bit> ...

Optimizing unit <rca_8bit> ...

Optimizing unit <full_adder> ...

Mapping all equations...
Building and optimizing final netlist ...
Found area constraint ratio of 100 (+ 5) on block rca_64bit, actual ratio is 0.

Final Macro Processing ...

=========================================================================
Final Register Report

Found no macro
=========================================================================

=========================================================================
*                           Partition Report                            *
=========================================================================

Partition Implementation Status
-------------------------------

  No Partitions were found in this design.

-------------------------------

=========================================================================
*                            Design Summary                             *
=========================================================================

Top Level Output File Name         : rca_64bit.ngc

Primitive and Black Box Usage:
------------------------------
# BELS                             : 128
#      LUT3                        : 128
# IO Buffers                       : 194
#      IBUF                        : 129
#      OBUF                        : 65

Device utilization summary:
---------------------------

Selected Device : 7a100tcsg324-1 


Slice Logic Utilization: 
 Number of Slice LUTs:                  128  out of  63400     0%  
    Number used as Logic:               128  out of  63400     0%  

Slice Logic Distribution: 
 Number of LUT Flip Flop pairs used:    128
   Number with an unused Flip Flop:     128  out of    128   100%  
   Number with an unused LUT:             0  out of    128     0%  
   Number of fully used LUT-FF pairs:     0  out of    128     0%  
   Number of unique control sets:         0

IO Utilization: 
 Number of IOs:                         194
 Number of bonded IOBs:                 194  out of    210    92%  

Specific Feature Utilization:

---------------------------
Partition Resource Summary:
---------------------------

  No Partitions were found in this design.

---------------------------


=========================================================================
Timing Report

NOTE: THESE TIMING NUMBERS ARE ONLY A SYNTHESIS ESTIMATE.
      FOR ACCURATE TIMING INFORMATION PLEASE REFER TO THE TRACE REPORT
      GENERATED AFTER PLACE-and-ROUTE.

Clock Information:
------------------
No clock signals found in this design

Asynchronous Control Signals Information:
----------------------------------------
No asynchronous control signals found in this design

Timing Summary:
---------------
Speed Grade: -1

   Minimum period: No path found
   Minimum input arrival time before clock: No path found
   Maximum output required time after clock: No path found
   Maximum combinational path delay: 36.254ns

Timing Details:
---------------
All values displayed in nanoseconds (ns)

=========================================================================
Timing constraint: Default path analysis
  Total number of paths / destination ports: 4353 / 65
-------------------------------------------------------------------------
Delay:               36.254ns (Levels of Logic = 144)
  Source:            in1<0> (PAD)
  Destination:       sum<63> (PAD)

  Data Path: in1<0> to sum<63>
                                Gate     Net
    Cell:in->out      fanout   Delay   Delay  Logical Name (Net Name)
    ----------------------------------------  ------------
     IBUF:I->O             2   0.001   0.722  in1_0_IBUF (in1_0_IBUF)
     begin scope: 'rca_32bit_1:in1<0>'
     begin scope: 'rca_32bit_1/rca_16bit_1:in1<0>'
     begin scope: 'rca_32bit_1/rca_16bit_1/rca_8bit_1:in1<0>'
     begin scope: 'rca_32bit_1/rca_16bit_1/rca_8bit_1/fladd1:in1'
     LUT3:I0->O            2   0.124   0.427  cout1 (cout)
     end scope: 'rca_32bit_1/rca_16bit_1/rca_8bit_1/fladd1:cout'
     begin scope: 'rca_32bit_1/rca_16bit_1/rca_8bit_1/fladd2:cin'
     LUT3:I2->O            2   0.124   0.427  cout1 (cout)
     end scope: 'rca_32bit_1/rca_16bit_1/rca_8bit_1/fladd2:cout'
     begin scope: 'rca_32bit_1/rca_16bit_1/rca_8bit_1/fladd3:cin'
     LUT3:I2->O            2   0.124   0.427  cout1 (cout)
     end scope: 'rca_32bit_1/rca_16bit_1/rca_8bit_1/fladd3:cout'
     begin scope: 'rca_32bit_1/rca_16bit_1/rca_8bit_1/fladd4:cin'
     LUT3:I2->O            2   0.124   0.427  cout1 (cout)
     end scope: 'rca_32bit_1/rca_16bit_1/rca_8bit_1/fladd4:cout'
     begin scope: 'rca_32bit_1/rca_16bit_1/rca_8bit_1/fladd5:cin'
     LUT3:I2->O            2   0.124   0.427  cout1 (cout)
     end scope: 'rca_32bit_1/rca_16bit_1/rca_8bit_1/fladd5:cout'
     begin scope: 'rca_32bit_1/rca_16bit_1/rca_8bit_1/fladd6:cin'
     LUT3:I2->O            2   0.124   0.427  cout1 (cout)
     end scope: 'rca_32bit_1/rca_16bit_1/rca_8bit_1/fladd6:cout'
     begin scope: 'rca_32bit_1/rca_16bit_1/rca_8bit_1/fladd7:cin'
     LUT3:I2->O            2   0.124   0.427  cout1 (cout)
     end scope: 'rca_32bit_1/rca_16bit_1/rca_8bit_1/fladd7:cout'
     begin scope: 'rca_32bit_1/rca_16bit_1/rca_8bit_1/fladd8:cin'
     LUT3:I2->O            2   0.124   0.427  cout1 (cout)
     end scope: 'rca_32bit_1/rca_16bit_1/rca_8bit_1/fladd8:cout'
     end scope: 'rca_32bit_1/rca_16bit_1/rca_8bit_1:cout'
     begin scope: 'rca_32bit_1/rca_16bit_1/rca_8bit_2:cin'
     begin scope: 'rca_32bit_1/rca_16bit_1/rca_8bit_2/fladd1:cin'
     LUT3:I2->O            2   0.124   0.427  cout1 (cout)
     end scope: 'rca_32bit_1/rca_16bit_1/rca_8bit_2/fladd1:cout'
     begin scope: 'rca_32bit_1/rca_16bit_1/rca_8bit_2/fladd2:cin'
     LUT3:I2->O            2   0.124   0.427  cout1 (cout)
     end scope: 'rca_32bit_1/rca_16bit_1/rca_8bit_2/fladd2:cout'
     begin scope: 'rca_32bit_1/rca_16bit_1/rca_8bit_2/fladd3:cin'
     LUT3:I2->O            2   0.124   0.427  cout1 (cout)
     end scope: 'rca_32bit_1/rca_16bit_1/rca_8bit_2/fladd3:cout'
     begin scope: 'rca_32bit_1/rca_16bit_1/rca_8bit_2/fladd4:cin'
     LUT3:I2->O            2   0.124   0.427  cout1 (cout)
     end scope: 'rca_32bit_1/rca_16bit_1/rca_8bit_2/fladd4:cout'
     begin scope: 'rca_32bit_1/rca_16bit_1/rca_8bit_2/fladd5:cin'
     LUT3:I2->O            2   0.124   0.427  cout1 (cout)
     end scope: 'rca_32bit_1/rca_16bit_1/rca_8bit_2/fladd5:cout'
     begin scope: 'rca_32bit_1/rca_16bit_1/rca_8bit_2/fladd6:cin'
     LUT3:I2->O            2   0.124   0.427  cout1 (cout)
     end scope: 'rca_32bit_1/rca_16bit_1/rca_8bit_2/fladd6:cout'
     begin scope: 'rca_32bit_1/rca_16bit_1/rca_8bit_2/fladd7:cin'
     LUT3:I2->O            2   0.124   0.427  cout1 (cout)
     end scope: 'rca_32bit_1/rca_16bit_1/rca_8bit_2/fladd7:cout'
     begin scope: 'rca_32bit_1/rca_16bit_1/rca_8bit_2/fladd8:cin'
     LUT3:I2->O            2   0.124   0.427  cout1 (cout)
     end scope: 'rca_32bit_1/rca_16bit_1/rca_8bit_2/fladd8:cout'
     end scope: 'rca_32bit_1/rca_16bit_1/rca_8bit_2:cout'
     end scope: 'rca_32bit_1/rca_16bit_1:cout'
     begin scope: 'rca_32bit_1/rca_16bit_2:cin'
     begin scope: 'rca_32bit_1/rca_16bit_2/rca_8bit_1:cin'
     begin scope: 'rca_32bit_1/rca_16bit_2/rca_8bit_1/fladd1:cin'
     LUT3:I2->O            2   0.124   0.427  cout1 (cout)
     end scope: 'rca_32bit_1/rca_16bit_2/rca_8bit_1/fladd1:cout'
     begin scope: 'rca_32bit_1/rca_16bit_2/rca_8bit_1/fladd2:cin'
     LUT3:I2->O            2   0.124   0.427  cout1 (cout)
     end scope: 'rca_32bit_1/rca_16bit_2/rca_8bit_1/fladd2:cout'
     begin scope: 'rca_32bit_1/rca_16bit_2/rca_8bit_1/fladd3:cin'
     LUT3:I2->O            2   0.124   0.427  cout1 (cout)
     end scope: 'rca_32bit_1/rca_16bit_2/rca_8bit_1/fladd3:cout'
     begin scope: 'rca_32bit_1/rca_16bit_2/rca_8bit_1/fladd4:cin'
     LUT3:I2->O            2   0.124   0.427  cout1 (cout)
     end scope: 'rca_32bit_1/rca_16bit_2/rca_8bit_1/fladd4:cout'
     begin scope: 'rca_32bit_1/rca_16bit_2/rca_8bit_1/fladd5:cin'
     LUT3:I2->O            2   0.124   0.427  cout1 (cout)
     end scope: 'rca_32bit_1/rca_16bit_2/rca_8bit_1/fladd5:cout'
     begin scope: 'rca_32bit_1/rca_16bit_2/rca_8bit_1/fladd6:cin'
     LUT3:I2->O            2   0.124   0.427  cout1 (cout)
     end scope: 'rca_32bit_1/rca_16bit_2/rca_8bit_1/fladd6:cout'
     begin scope: 'rca_32bit_1/rca_16bit_2/rca_8bit_1/fladd7:cin'
     LUT3:I2->O            2   0.124   0.427  cout1 (cout)
     end scope: 'rca_32bit_1/rca_16bit_2/rca_8bit_1/fladd7:cout'
     begin scope: 'rca_32bit_1/rca_16bit_2/rca_8bit_1/fladd8:cin'
     LUT3:I2->O            2   0.124   0.427  cout1 (cout)
     end scope: 'rca_32bit_1/rca_16bit_2/rca_8bit_1/fladd8:cout'
     end scope: 'rca_32bit_1/rca_16bit_2/rca_8bit_1:cout'
     begin scope: 'rca_32bit_1/rca_16bit_2/rca_8bit_2:cin'
     begin scope: 'rca_32bit_1/rca_16bit_2/rca_8bit_2/fladd1:cin'
     LUT3:I2->O            2   0.124   0.427  cout1 (cout)
     end scope: 'rca_32bit_1/rca_16bit_2/rca_8bit_2/fladd1:cout'
     begin scope: 'rca_32bit_1/rca_16bit_2/rca_8bit_2/fladd2:cin'
     LUT3:I2->O            2   0.124   0.427  cout1 (cout)
     end scope: 'rca_32bit_1/rca_16bit_2/rca_8bit_2/fladd2:cout'
     begin scope: 'rca_32bit_1/rca_16bit_2/rca_8bit_2/fladd3:cin'
     LUT3:I2->O            2   0.124   0.427  cout1 (cout)
     end scope: 'rca_32bit_1/rca_16bit_2/rca_8bit_2/fladd3:cout'
     begin scope: 'rca_32bit_1/rca_16bit_2/rca_8bit_2/fladd4:cin'
     LUT3:I2->O            2   0.124   0.427  cout1 (cout)
     end scope: 'rca_32bit_1/rca_16bit_2/rca_8bit_2/fladd4:cout'
     begin scope: 'rca_32bit_1/rca_16bit_2/rca_8bit_2/fladd5:cin'
     LUT3:I2->O            2   0.124   0.427  cout1 (cout)
     end scope: 'rca_32bit_1/rca_16bit_2/rca_8bit_2/fladd5:cout'
     begin scope: 'rca_32bit_1/rca_16bit_2/rca_8bit_2/fladd6:cin'
     LUT3:I2->O            2   0.124   0.427  cout1 (cout)
     end scope: 'rca_32bit_1/rca_16bit_2/rca_8bit_2/fladd6:cout'
     begin scope: 'rca_32bit_1/rca_16bit_2/rca_8bit_2/fladd7:cin'
     LUT3:I2->O            2   0.124   0.427  cout1 (cout)
     end scope: 'rca_32bit_1/rca_16bit_2/rca_8bit_2/fladd7:cout'
     begin scope: 'rca_32bit_1/rca_16bit_2/rca_8bit_2/fladd8:cin'
     LUT3:I2->O            2   0.124   0.427  cout1 (cout)
     end scope: 'rca_32bit_1/rca_16bit_2/rca_8bit_2/fladd8:cout'
     end scope: 'rca_32bit_1/rca_16bit_2/rca_8bit_2:cout'
     end scope: 'rca_32bit_1/rca_16bit_2:cout'
     end scope: 'rca_32bit_1:cout'
     begin scope: 'rca_32bit_2:cin'
     begin scope: 'rca_32bit_2/rca_16bit_1:cin'
     begin scope: 'rca_32bit_2/rca_16bit_1/rca_8bit_1:cin'
     begin scope: 'rca_32bit_2/rca_16bit_1/rca_8bit_1/fladd1:cin'
     LUT3:I2->O            2   0.124   0.427  cout1 (cout)
     end scope: 'rca_32bit_2/rca_16bit_1/rca_8bit_1/fladd1:cout'
     begin scope: 'rca_32bit_2/rca_16bit_1/rca_8bit_1/fladd2:cin'
     LUT3:I2->O            2   0.124   0.427  cout1 (cout)
     end scope: 'rca_32bit_2/rca_16bit_1/rca_8bit_1/fladd2:cout'
     begin scope: 'rca_32bit_2/rca_16bit_1/rca_8bit_1/fladd3:cin'
     LUT3:I2->O            2   0.124   0.427  cout1 (cout)
     end scope: 'rca_32bit_2/rca_16bit_1/rca_8bit_1/fladd3:cout'
     begin scope: 'rca_32bit_2/rca_16bit_1/rca_8bit_1/fladd4:cin'
     LUT3:I2->O            2   0.124   0.427  cout1 (cout)
     end scope: 'rca_32bit_2/rca_16bit_1/rca_8bit_1/fladd4:cout'
     begin scope: 'rca_32bit_2/rca_16bit_1/rca_8bit_1/fladd5:cin'
     LUT3:I2->O            2   0.124   0.427  cout1 (cout)
     end scope: 'rca_32bit_2/rca_16bit_1/rca_8bit_1/fladd5:cout'
     begin scope: 'rca_32bit_2/rca_16bit_1/rca_8bit_1/fladd6:cin'
     LUT3:I2->O            2   0.124   0.427  cout1 (cout)
     end scope: 'rca_32bit_2/rca_16bit_1/rca_8bit_1/fladd6:cout'
     begin scope: 'rca_32bit_2/rca_16bit_1/rca_8bit_1/fladd7:cin'
     LUT3:I2->O            2   0.124   0.427  cout1 (cout)
     end scope: 'rca_32bit_2/rca_16bit_1/rca_8bit_1/fladd7:cout'
     begin scope: 'rca_32bit_2/rca_16bit_1/rca_8bit_1/fladd8:cin'
     LUT3:I2->O            2   0.124   0.427  cout1 (cout)
     end scope: 'rca_32bit_2/rca_16bit_1/rca_8bit_1/fladd8:cout'
     end scope: 'rca_32bit_2/rca_16bit_1/rca_8bit_1:cout'
     begin scope: 'rca_32bit_2/rca_16bit_1/rca_8bit_2:cin'
     begin scope: 'rca_32bit_2/rca_16bit_1/rca_8bit_2/fladd1:cin'
     LUT3:I2->O            2   0.124   0.427  cout1 (cout)
     end scope: 'rca_32bit_2/rca_16bit_1/rca_8bit_2/fladd1:cout'
     begin scope: 'rca_32bit_2/rca_16bit_1/rca_8bit_2/fladd2:cin'
     LUT3:I2->O            2   0.124   0.427  cout1 (cout)
     end scope: 'rca_32bit_2/rca_16bit_1/rca_8bit_2/fladd2:cout'
     begin scope: 'rca_32bit_2/rca_16bit_1/rca_8bit_2/fladd3:cin'
     LUT3:I2->O            2   0.124   0.427  cout1 (cout)
     end scope: 'rca_32bit_2/rca_16bit_1/rca_8bit_2/fladd3:cout'
     begin scope: 'rca_32bit_2/rca_16bit_1/rca_8bit_2/fladd4:cin'
     LUT3:I2->O            2   0.124   0.427  cout1 (cout)
     end scope: 'rca_32bit_2/rca_16bit_1/rca_8bit_2/fladd4:cout'
     begin scope: 'rca_32bit_2/rca_16bit_1/rca_8bit_2/fladd5:cin'
     LUT3:I2->O            2   0.124   0.427  cout1 (cout)
     end scope: 'rca_32bit_2/rca_16bit_1/rca_8bit_2/fladd5:cout'
     begin scope: 'rca_32bit_2/rca_16bit_1/rca_8bit_2/fladd6:cin'
     LUT3:I2->O            2   0.124   0.427  cout1 (cout)
     end scope: 'rca_32bit_2/rca_16bit_1/rca_8bit_2/fladd6:cout'
     begin scope: 'rca_32bit_2/rca_16bit_1/rca_8bit_2/fladd7:cin'
     LUT3:I2->O            2   0.124   0.427  cout1 (cout)
     end scope: 'rca_32bit_2/rca_16bit_1/rca_8bit_2/fladd7:cout'
     begin scope: 'rca_32bit_2/rca_16bit_1/rca_8bit_2/fladd8:cin'
     LUT3:I2->O            2   0.124   0.427  cout1 (cout)
     end scope: 'rca_32bit_2/rca_16bit_1/rca_8bit_2/fladd8:cout'
     end scope: 'rca_32bit_2/rca_16bit_1/rca_8bit_2:cout'
     end scope: 'rca_32bit_2/rca_16bit_1:cout'
     begin scope: 'rca_32bit_2/rca_16bit_2:cin'
     begin scope: 'rca_32bit_2/rca_16bit_2/rca_8bit_1:cin'
     begin scope: 'rca_32bit_2/rca_16bit_2/rca_8bit_1/fladd1:cin'
     LUT3:I2->O            2   0.124   0.427  cout1 (cout)
     end scope: 'rca_32bit_2/rca_16bit_2/rca_8bit_1/fladd1:cout'
     begin scope: 'rca_32bit_2/rca_16bit_2/rca_8bit_1/fladd2:cin'
     LUT3:I2->O            2   0.124   0.427  cout1 (cout)
     end scope: 'rca_32bit_2/rca_16bit_2/rca_8bit_1/fladd2:cout'
     begin scope: 'rca_32bit_2/rca_16bit_2/rca_8bit_1/fladd3:cin'
     LUT3:I2->O            2   0.124   0.427  cout1 (cout)
     end scope: 'rca_32bit_2/rca_16bit_2/rca_8bit_1/fladd3:cout'
     begin scope: 'rca_32bit_2/rca_16bit_2/rca_8bit_1/fladd4:cin'
     LUT3:I2->O            2   0.124   0.427  cout1 (cout)
     end scope: 'rca_32bit_2/rca_16bit_2/rca_8bit_1/fladd4:cout'
     begin scope: 'rca_32bit_2/rca_16bit_2/rca_8bit_1/fladd5:cin'
     LUT3:I2->O            2   0.124   0.427  cout1 (cout)
     end scope: 'rca_32bit_2/rca_16bit_2/rca_8bit_1/fladd5:cout'
     begin scope: 'rca_32bit_2/rca_16bit_2/rca_8bit_1/fladd6:cin'
     LUT3:I2->O            2   0.124   0.427  cout1 (cout)
     end scope: 'rca_32bit_2/rca_16bit_2/rca_8bit_1/fladd6:cout'
     begin scope: 'rca_32bit_2/rca_16bit_2/rca_8bit_1/fladd7:cin'
     LUT3:I2->O            2   0.124   0.427  cout1 (cout)
     end scope: 'rca_32bit_2/rca_16bit_2/rca_8bit_1/fladd7:cout'
     begin scope: 'rca_32bit_2/rca_16bit_2/rca_8bit_1/fladd8:cin'
     LUT3:I2->O            2   0.124   0.427  cout1 (cout)
     end scope: 'rca_32bit_2/rca_16bit_2/rca_8bit_1/fladd8:cout'
     end scope: 'rca_32bit_2/rca_16bit_2/rca_8bit_1:cout'
     begin scope: 'rca_32bit_2/rca_16bit_2/rca_8bit_2:cin'
     begin scope: 'rca_32bit_2/rca_16bit_2/rca_8bit_2/fladd1:cin'
     LUT3:I2->O            2   0.124   0.427  cout1 (cout)
     end scope: 'rca_32bit_2/rca_16bit_2/rca_8bit_2/fladd1:cout'
     begin scope: 'rca_32bit_2/rca_16bit_2/rca_8bit_2/fladd2:cin'
     LUT3:I2->O            2   0.124   0.427  cout1 (cout)
     end scope: 'rca_32bit_2/rca_16bit_2/rca_8bit_2/fladd2:cout'
     begin scope: 'rca_32bit_2/rca_16bit_2/rca_8bit_2/fladd3:cin'
     LUT3:I2->O            2   0.124   0.427  cout1 (cout)
     end scope: 'rca_32bit_2/rca_16bit_2/rca_8bit_2/fladd3:cout'
     begin scope: 'rca_32bit_2/rca_16bit_2/rca_8bit_2/fladd4:cin'
     LUT3:I2->O            2   0.124   0.427  cout1 (cout)
     end scope: 'rca_32bit_2/rca_16bit_2/rca_8bit_2/fladd4:cout'
     begin scope: 'rca_32bit_2/rca_16bit_2/rca_8bit_2/fladd5:cin'
     LUT3:I2->O            2   0.124   0.427  cout1 (cout)
     end scope: 'rca_32bit_2/rca_16bit_2/rca_8bit_2/fladd5:cout'
     begin scope: 'rca_32bit_2/rca_16bit_2/rca_8bit_2/fladd6:cin'
     LUT3:I2->O            2   0.124   0.427  cout1 (cout)
     end scope: 'rca_32bit_2/rca_16bit_2/rca_8bit_2/fladd6:cout'
     begin scope: 'rca_32bit_2/rca_16bit_2/rca_8bit_2/fladd7:cin'
     LUT3:I2->O            2   0.124   0.722  cout1 (cout)
     end scope: 'rca_32bit_2/rca_16bit_2/rca_8bit_2/fladd7:cout'
     begin scope: 'rca_32bit_2/rca_16bit_2/rca_8bit_2/fladd8:cin'
     LUT3:I0->O            1   0.124   0.399  out1 (out)
     end scope: 'rca_32bit_2/rca_16bit_2/rca_8bit_2/fladd8:out'
     end scope: 'rca_32bit_2/rca_16bit_2/rca_8bit_2:sum<7>'
     end scope: 'rca_32bit_2/rca_16bit_2:sum<15>'
     end scope: 'rca_32bit_2:sum<31>'
     OBUF:I->O                 0.000          sum_63_OBUF (sum<63>)
    ----------------------------------------
    Total                     36.254ns (7.937ns logic, 28.317ns route)
                                       (21.9% logic, 78.1% route)

=========================================================================

Cross Clock Domains Report:
--------------------------

=========================================================================


Total REAL time to Xst completion: 6.00 secs
Total CPU time to Xst completion: 5.70 secs
 
--> 


Total memory usage is 479888 kilobytes

Number of errors   :    0 (   0 filtered)
Number of warnings :    0 (   0 filtered)
Number of infos    :    0 (   0 filtered)

