Release 14.7 - xst P.20131013 (lin64)
Copyright (c) 1995-2013 Xilinx, Inc.  All rights reserved.
--> 
Parameter TMPDIR set to xst/projnav.tmp


Total REAL time to Xst completion: 0.00 secs
Total CPU time to Xst completion: 0.02 secs
 
--> 
Parameter xsthdpdir set to xst


Total REAL time to Xst completion: 0.00 secs
Total CPU time to Xst completion: 0.02 secs
 
--> 
Reading design: jump_control.prj

TABLE OF CONTENTS
  1) Synthesis Options Summary
  2) HDL Parsing
  3) HDL Elaboration
  4) HDL Synthesis
       4.1) HDL Synthesis Report
  5) Advanced HDL Synthesis
       5.1) Advanced HDL Synthesis Report
  6) Low Level Synthesis
  7) Partition Report
  8) Design Summary
       8.1) Primitive and Black Box Usage
       8.2) Device utilization summary
       8.3) Partition Resource Summary
       8.4) Timing Report
            8.4.1) Clock Information
            8.4.2) Asynchronous Control Signals Information
            8.4.3) Timing Summary
            8.4.4) Timing Details
            8.4.5) Cross Clock Domains Report


=========================================================================
*                      Synthesis Options Summary                        *
=========================================================================
---- Source Parameters
Input File Name                    : "jump_control.prj"
Ignore Synthesis Constraint File   : NO

---- Target Parameters
Output File Name                   : "jump_control"
Output Format                      : NGC
Target Device                      : xc7a100t-1-csg324

---- Source Options
Top Module Name                    : jump_control
Automatic FSM Extraction           : YES
FSM Encoding Algorithm             : Auto
Safe Implementation                : No
FSM Style                          : LUT
RAM Extraction                     : Yes
RAM Style                          : Auto
ROM Extraction                     : Yes
Shift Register Extraction          : YES
ROM Style                          : Auto
Resource Sharing                   : YES
Asynchronous To Synchronous        : NO
Shift Register Minimum Size        : 2
Use DSP Block                      : Auto
Automatic Register Balancing       : No

---- Target Options
LUT Combining                      : Auto
Reduce Control Sets                : Auto
Add IO Buffers                     : YES
Global Maximum Fanout              : 100000
Add Generic Clock Buffer(BUFG)     : 32
Register Duplication               : YES
Optimize Instantiated Primitives   : NO
Use Clock Enable                   : Auto
Use Synchronous Set                : Auto
Use Synchronous Reset              : Auto
Pack IO Registers into IOBs        : Auto
Equivalent register Removal        : YES

---- General Options
Optimization Goal                  : Speed
Optimization Effort                : 1
Power Reduction                    : NO
Keep Hierarchy                     : No
Netlist Hierarchy                  : As_Optimized
RTL Output                         : Yes
Global Optimization                : AllClockNets
Read Cores                         : YES
Write Timing Constraints           : NO
Cross Clock Analysis               : NO
Hierarchy Separator                : /
Bus Delimiter                      : <>
Case Specifier                     : Maintain
Slice Utilization Ratio            : 100
BRAM Utilization Ratio             : 100
DSP48 Utilization Ratio            : 100
Auto BRAM Packing                  : NO
Slice Utilization Ratio Delta      : 5

---- Other Options
Cores Search Directories           : {"ipcore_dir"  }

=========================================================================


=========================================================================
*                          HDL Parsing                                  *
=========================================================================
Analyzing Verilog file "/home/nyati_pranav26/Pranav/SEM 5/COA_LAB/A5/KGP_miniRISC/mux_32b_3_1.v" into library work
Parsing module <mux_32b_3_1>.
Analyzing Verilog file "/home/nyati_pranav26/Pranav/SEM 5/COA_LAB/A5/KGP_miniRISC/mux_32b_2_1.v" into library work
Parsing module <mux_32b_2_1>.
Analyzing Verilog file "/home/nyati_pranav26/Pranav/SEM 5/COA_LAB/A5/KGP_miniRISC/jump_control.v" into library work
Parsing module <jump_control>.

=========================================================================
*                            HDL Elaboration                            *
=========================================================================

Elaborating module <jump_control>.

Elaborating module <mux_32b_2_1>.

Elaborating module <mux_32b_3_1>.

=========================================================================
*                           HDL Synthesis                               *
=========================================================================

Synthesizing Unit <jump_control>.
    Related source file is "/home/nyati_pranav26/Pranav/SEM 5/COA_LAB/A5/KGP_miniRISC/jump_control.v".
WARNING:Xst:647 - Input <SE_out<31:30>> is never used. This port will be preserved and left unconnected if it belongs to a top-level block or it belongs to a sub-block and the hierarchy of this sub-block is preserved.
    Found 32-bit adder for signal <mux_in> created at line 43.
    Summary:
	inferred   1 Adder/Subtractor(s).
	inferred   1 Multiplexer(s).
Unit <jump_control> synthesized.

Synthesizing Unit <mux_32b_2_1>.
    Related source file is "/home/nyati_pranav26/Pranav/SEM 5/COA_LAB/A5/KGP_miniRISC/mux_32b_2_1.v".
    Summary:
	inferred   1 Multiplexer(s).
Unit <mux_32b_2_1> synthesized.

Synthesizing Unit <mux_32b_3_1>.
    Related source file is "/home/nyati_pranav26/Pranav/SEM 5/COA_LAB/A5/KGP_miniRISC/mux_32b_3_1.v".
    Found 32-bit 3-to-1 multiplexer for signal <out> created at line 31.
    Summary:
	inferred   1 Multiplexer(s).
Unit <mux_32b_3_1> synthesized.

=========================================================================
HDL Synthesis Report

Macro Statistics
# Adders/Subtractors                                   : 1
 32-bit adder                                          : 1
# Multiplexers                                         : 3
 32-bit 2-to-1 multiplexer                             : 2
 32-bit 3-to-1 multiplexer                             : 1

=========================================================================

=========================================================================
*                       Advanced HDL Synthesis                          *
=========================================================================


=========================================================================
Advanced HDL Synthesis Report

Macro Statistics
# Adders/Subtractors                                   : 1
 32-bit adder                                          : 1
# Multiplexers                                         : 3
 32-bit 2-to-1 multiplexer                             : 2
 32-bit 3-to-1 multiplexer                             : 1

=========================================================================

=========================================================================
*                         Low Level Synthesis                           *
=========================================================================

Optimizing unit <jump_control> ...

Mapping all equations...
Building and optimizing final netlist ...
Found area constraint ratio of 100 (+ 5) on block jump_control, actual ratio is 0.

Final Macro Processing ...

=========================================================================
Final Register Report

Found no macro
=========================================================================

=========================================================================
*                           Partition Report                            *
=========================================================================

Partition Implementation Status
-------------------------------

  No Partitions were found in this design.

-------------------------------

=========================================================================
*                            Design Summary                             *
=========================================================================

Top Level Output File Name         : jump_control.ngc

Primitive and Black Box Usage:
------------------------------
# BELS                             : 153
#      GND                         : 1
#      LUT2                        : 30
#      LUT3                        : 1
#      LUT5                        : 28
#      LUT6                        : 34
#      MUXCY                       : 29
#      XORCY                       : 30
# IO Buffers                       : 157
#      IBUF                        : 125
#      OBUF                        : 32

Device utilization summary:
---------------------------

Selected Device : 7a100tcsg324-1 


Slice Logic Utilization: 
 Number of Slice LUTs:                   93  out of  63400     0%  
    Number used as Logic:                93  out of  63400     0%  

Slice Logic Distribution: 
 Number of LUT Flip Flop pairs used:     93
   Number with an unused Flip Flop:      93  out of     93   100%  
   Number with an unused LUT:             0  out of     93     0%  
   Number of fully used LUT-FF pairs:     0  out of     93     0%  
   Number of unique control sets:         0

IO Utilization: 
 Number of IOs:                         159
 Number of bonded IOBs:                 157  out of    210    74%  

Specific Feature Utilization:

---------------------------
Partition Resource Summary:
---------------------------

  No Partitions were found in this design.

---------------------------


=========================================================================
Timing Report

NOTE: THESE TIMING NUMBERS ARE ONLY A SYNTHESIS ESTIMATE.
      FOR ACCURATE TIMING INFORMATION PLEASE REFER TO THE TRACE REPORT
      GENERATED AFTER PLACE-and-ROUTE.

Clock Information:
------------------
No clock signals found in this design

Asynchronous Control Signals Information:
----------------------------------------
No asynchronous control signals found in this design

Timing Summary:
---------------
Speed Grade: -1

   Minimum period: No path found
   Minimum input arrival time before clock: No path found
   Maximum output required time after clock: No path found
   Maximum combinational path delay: 3.412ns

Timing Details:
---------------
All values displayed in nanoseconds (ns)

=========================================================================
Timing constraint: Default path analysis
  Total number of paths / destination ports: 1709 / 32
-------------------------------------------------------------------------
Delay:               3.412ns (Levels of Logic = 34)
  Source:            nextPC<2> (PAD)
  Destination:       next_addr<31> (PAD)

  Data Path: nextPC<2> to next_addr<31>
                                Gate     Net
    Cell:in->out      fanout   Delay   Delay  Logical Name (Net Name)
    ----------------------------------------  ------------
     IBUF:I->O             2   0.001   0.542  nextPC_2_IBUF (nextPC_2_IBUF)
     LUT2:I0->O            1   0.124   0.000  Madd_mux_in_lut<2> (Madd_mux_in_lut<2>)
     MUXCY:S->O            1   0.472   0.000  Madd_mux_in_cy<2> (Madd_mux_in_cy<2>)
     MUXCY:CI->O           1   0.029   0.000  Madd_mux_in_cy<3> (Madd_mux_in_cy<3>)
     MUXCY:CI->O           1   0.029   0.000  Madd_mux_in_cy<4> (Madd_mux_in_cy<4>)
     MUXCY:CI->O           1   0.029   0.000  Madd_mux_in_cy<5> (Madd_mux_in_cy<5>)
     MUXCY:CI->O           1   0.029   0.000  Madd_mux_in_cy<6> (Madd_mux_in_cy<6>)
     MUXCY:CI->O           1   0.029   0.000  Madd_mux_in_cy<7> (Madd_mux_in_cy<7>)
     MUXCY:CI->O           1   0.029   0.000  Madd_mux_in_cy<8> (Madd_mux_in_cy<8>)
     MUXCY:CI->O           1   0.029   0.000  Madd_mux_in_cy<9> (Madd_mux_in_cy<9>)
     MUXCY:CI->O           1   0.029   0.000  Madd_mux_in_cy<10> (Madd_mux_in_cy<10>)
     MUXCY:CI->O           1   0.029   0.000  Madd_mux_in_cy<11> (Madd_mux_in_cy<11>)
     MUXCY:CI->O           1   0.029   0.000  Madd_mux_in_cy<12> (Madd_mux_in_cy<12>)
     MUXCY:CI->O           1   0.029   0.000  Madd_mux_in_cy<13> (Madd_mux_in_cy<13>)
     MUXCY:CI->O           1   0.029   0.000  Madd_mux_in_cy<14> (Madd_mux_in_cy<14>)
     MUXCY:CI->O           1   0.029   0.000  Madd_mux_in_cy<15> (Madd_mux_in_cy<15>)
     MUXCY:CI->O           1   0.029   0.000  Madd_mux_in_cy<16> (Madd_mux_in_cy<16>)
     MUXCY:CI->O           1   0.029   0.000  Madd_mux_in_cy<17> (Madd_mux_in_cy<17>)
     MUXCY:CI->O           1   0.029   0.000  Madd_mux_in_cy<18> (Madd_mux_in_cy<18>)
     MUXCY:CI->O           1   0.029   0.000  Madd_mux_in_cy<19> (Madd_mux_in_cy<19>)
     MUXCY:CI->O           1   0.029   0.000  Madd_mux_in_cy<20> (Madd_mux_in_cy<20>)
     MUXCY:CI->O           1   0.029   0.000  Madd_mux_in_cy<21> (Madd_mux_in_cy<21>)
     MUXCY:CI->O           1   0.029   0.000  Madd_mux_in_cy<22> (Madd_mux_in_cy<22>)
     MUXCY:CI->O           1   0.029   0.000  Madd_mux_in_cy<23> (Madd_mux_in_cy<23>)
     MUXCY:CI->O           1   0.029   0.000  Madd_mux_in_cy<24> (Madd_mux_in_cy<24>)
     MUXCY:CI->O           1   0.029   0.000  Madd_mux_in_cy<25> (Madd_mux_in_cy<25>)
     MUXCY:CI->O           1   0.029   0.000  Madd_mux_in_cy<26> (Madd_mux_in_cy<26>)
     MUXCY:CI->O           1   0.029   0.000  Madd_mux_in_cy<27> (Madd_mux_in_cy<27>)
     MUXCY:CI->O           1   0.029   0.000  Madd_mux_in_cy<28> (Madd_mux_in_cy<28>)
     MUXCY:CI->O           1   0.029   0.000  Madd_mux_in_cy<29> (Madd_mux_in_cy<29>)
     MUXCY:CI->O           0   0.029   0.000  Madd_mux_in_cy<30> (Madd_mux_in_cy<30>)
     XORCY:CI->O           1   0.510   0.421  Madd_mux_in_xor<31> (mux_in<31>)
     LUT6:I5->O            1   0.124   0.399  Mmux_next_addr442 (next_addr_31_OBUF)
     OBUF:I->O                 0.000          next_addr_31_OBUF (next_addr<31>)
    ----------------------------------------
    Total                      3.412ns (2.050ns logic, 1.362ns route)
                                       (60.1% logic, 39.9% route)

=========================================================================

Cross Clock Domains Report:
--------------------------

=========================================================================


Total REAL time to Xst completion: 5.00 secs
Total CPU time to Xst completion: 4.03 secs
 
--> 


Total memory usage is 479956 kilobytes

Number of errors   :    0 (   0 filtered)
Number of warnings :    1 (   0 filtered)
Number of infos    :    0 (   0 filtered)

